wrote /home/ubuntu/projects/china-training-compute/docs/data.json: 109 models (58 from Epoch, 51 from team research), 28 orgs, 22 with ECI
[main aebb544] Update China compute data (2026-06-16)
 1 file changed, 1 insertion(+), 1 deletion(-)
To https://github.com/KonstantinPilz/china-training-compute.git
   c41e176..aebb544  main -> main
pushed update
wrote /home/ubuntu/projects/china-training-compute/docs/data.json: 109 models (58 from Epoch, 51 from team research), 28 orgs, 22 with ECI
[main 3648b10] Update China compute data (2026-06-17)
 2 files changed, 2 insertions(+), 2 deletions(-)
To https://github.com/KonstantinPilz/china-training-compute.git
   d50d355..3648b10  main -> main
pushed update
wrote /home/ubuntu/projects/china-training-compute/docs/data.json: 109 models (58 from Epoch, 51 from team research), 28 orgs, 22 with ECI
[main 1bffade] Update China compute data (2026-06-18)
 1 file changed, 1 insertion(+), 1 deletion(-)
To https://github.com/KonstantinPilz/china-training-compute.git
   95156c1..1bffade  main -> main
pushed update
wrote /home/ubuntu/projects/china-training-compute/docs/data.json: 109 models (58 from Epoch, 51 from team research), 28 orgs, 22 with ECI
[main 54dc1c0] Update China compute data (2026-06-19)
 1 file changed, 1 insertion(+), 1 deletion(-)
To https://github.com/KonstantinPilz/china-training-compute.git
   13eb201..54dc1c0  main -> main
pushed update
wrote /home/ubuntu/projects/china-training-compute/docs/data.json: 109 models (58 from Epoch, 51 from team research), 28 orgs, 22 with ECI
[main af4c3f1] Update China compute data (2026-06-20)
 2 files changed, 2 insertions(+), 2 deletions(-)
To https://github.com/KonstantinPilz/china-training-compute.git
   ed2f15e..af4c3f1  main -> main
pushed update
wrote /home/ubuntu/projects/china-training-compute/docs/data.json: 109 models (58 from Epoch, 51 from team research), 28 orgs, 22 with ECI
[main a308c9b] Update China compute data (2026-06-21)
 1 file changed, 1 insertion(+), 1 deletion(-)
To https://github.com/KonstantinPilz/china-training-compute.git
   1a31ec1..a308c9b  main -> main
pushed update
wrote /home/ubuntu/projects/china-training-compute/docs/data.json: 109 models (58 from Epoch, 51 from team research), 28 orgs, 22 with ECI
[main 01501f7] Update China compute data (2026-06-22)
 1 file changed, 1 insertion(+), 1 deletion(-)
To https://github.com/KonstantinPilz/china-training-compute.git
   8d95369..01501f7  main -> main
pushed update
wrote /home/ubuntu/projects/china-training-compute/docs/data.json: 109 models (58 from Epoch, 51 from team research), 28 orgs, 22 with ECI
[main 270a8d4] Update China compute data (2026-06-23)
 2 files changed, 2 insertions(+), 1 deletion(-)
To https://github.com/KonstantinPilz/china-training-compute.git
   6e0a190..270a8d4  main -> main
pushed update
wrote /home/ubuntu/projects/china-training-compute/docs/data.json: 109 models (58 from Epoch, 51 from team research), 28 orgs, 23 with ECI
[main 9110a9b] Update China compute data (2026-06-24)
 1 file changed, 1 insertion(+), 1 deletion(-)
To https://github.com/KonstantinPilz/china-training-compute.git
   1dcd2ef..9110a9b  main -> main
pushed update
wrote /home/ubuntu/projects/china-training-compute/docs/data.json: 109 models (58 from Epoch, 51 from team research), 28 orgs, 23 with ECI
[main 8dfb19a] Update China compute data (2026-06-25)
 2 files changed, 12 insertions(+), 10 deletions(-)
To https://github.com/KonstantinPilz/china-training-compute.git
   25d0758..8dfb19a  main -> main
pushed update
wrote /home/ubuntu/projects/china-training-compute/docs/data.json: 109 models (58 from Epoch, 51 from team research), 28 orgs, 23 with ECI
[main efa599f] Update China compute data (2026-06-26)
 2 files changed, 3 insertions(+), 3 deletions(-)
To https://github.com/KonstantinPilz/china-training-compute.git
   8fdd8e7..efa599f  main -> main
pushed update
wrote /home/ubuntu/projects/china-training-compute/docs/data.json: 109 models (58 from Epoch, 51 from team research), 28 orgs, 23 with ECI
[main 2d7ee35] Update China compute data (2026-06-27)
 1 file changed, 1 insertion(+), 1 deletion(-)
To https://github.com/KonstantinPilz/china-training-compute.git
   b3a3d93..2d7ee35  main -> main
pushed update
wrote /home/ubuntu/projects/china-training-compute/docs/data.json: 109 models (58 from Epoch, 51 from team research), 28 orgs, 23 with ECI
[main d7f55db] Update China compute data (2026-06-28)
 1 file changed, 1 insertion(+), 1 deletion(-)
To https://github.com/KonstantinPilz/china-training-compute.git
   abb0548..d7f55db  main -> main
pushed update
wrote /home/ubuntu/projects/china-training-compute/docs/data.json: 109 models (58 from Epoch, 51 from team research), 28 orgs, 23 with ECI
[main 48275c6] Update China compute data (2026-06-29)
 1 file changed, 1 insertion(+), 1 deletion(-)
To https://github.com/KonstantinPilz/china-training-compute.git
   fd4a3e7..48275c6  main -> main
pushed update
wrote /home/ubuntu/projects/china-training-compute/docs/data.json: 109 models (58 from Epoch, 51 from team research), 28 orgs, 23 with ECI
[main d2a70f4] Update China compute data (2026-06-30)
 1 file changed, 1 insertion(+), 1 deletion(-)
To https://github.com/KonstantinPilz/china-training-compute.git
   61af674..d2a70f4  main -> main
pushed update
wrote /home/ubuntu/projects/china-training-compute/docs/data.json: 109 models (58 from Epoch, 51 from team research), 28 orgs, 23 with ECI
[main a1ed8e4] Update China compute data (2026-07-01)
 2 files changed, 2 insertions(+), 1 deletion(-)
To https://github.com/KonstantinPilz/china-training-compute.git
   f142df3..a1ed8e4  main -> main
pushed update
wrote /home/ubuntu/projects/china-training-compute/docs/data.json: 109 models (58 from Epoch, 51 from team research), 28 orgs, 23 with ECI
[main 6848881] Update China compute data (2026-07-02)
 1 file changed, 1 insertion(+), 1 deletion(-)
To https://github.com/KonstantinPilz/china-training-compute.git
   4c1bf5c..6848881  main -> main
pushed update
wrote /home/ubuntu/projects/china-training-compute/docs/data.json: 109 models (58 from Epoch, 51 from team research), 28 orgs, 23 with ECI
[main cbc29e1] Update China compute data (2026-07-03)
 1 file changed, 1 insertion(+), 1 deletion(-)
To https://github.com/KonstantinPilz/china-training-compute.git
   03f9edf..cbc29e1  main -> main
pushed update
wrote /home/ubuntu/projects/china-training-compute/docs/data.json: 109 models (58 from Epoch, 51 from team research), 28 orgs, 23 with ECI
[main d17ca68] Update China compute data (2026-07-04)
 1 file changed, 1 insertion(+), 1 deletion(-)
To https://github.com/KonstantinPilz/china-training-compute.git
   f519aee..d17ca68  main -> main
pushed update
wrote /home/ubuntu/projects/china-training-compute/docs/data.json: 109 models (58 from Epoch, 51 from team research), 28 orgs, 23 with ECI
[main 09429ea] Update China compute data (2026-07-05)
 1 file changed, 1 insertion(+), 1 deletion(-)
To https://github.com/KonstantinPilz/china-training-compute.git
   f392786..09429ea  main -> main
pushed update
wrote /home/ubuntu/projects/china-training-compute/docs/data.json: 109 models (58 from Epoch, 51 from team research), 28 orgs, 23 with ECI
[main 49a3411] Update China compute data (2026-07-06)
 1 file changed, 1 insertion(+), 1 deletion(-)
To https://github.com/KonstantinPilz/china-training-compute.git
   b6dc5ad..49a3411  main -> main
pushed update
wrote /home/ubuntu/projects/china-training-compute/docs/data.json: 109 models (58 from Epoch, 51 from team research), 28 orgs, 23 with ECI
[main 5e2bb8d] Update China compute data (2026-07-07)
 1 file changed, 1 insertion(+), 1 deletion(-)
To https://github.com/KonstantinPilz/china-training-compute.git
   6c5351e..5e2bb8d  main -> main
pushed update
wrote /home/ubuntu/projects/china-training-compute/docs/data.json: 109 models (58 from Epoch, 51 from team research), 28 orgs, 23 with ECI
[main 44c738e] Update China compute data (2026-07-08)
 1 file changed, 1 insertion(+), 1 deletion(-)
To https://github.com/KonstantinPilz/china-training-compute.git
   c64cb1b..44c738e  main -> main
pushed update
wrote /home/ubuntu/projects/china-training-compute/docs/data.json: 109 models (58 from Epoch, 51 from team research), 28 orgs, 23 with ECI
[main 28f7c44] Update China compute data (2026-07-09)
 2 files changed, 3 insertions(+), 1 deletion(-)
To https://github.com/KonstantinPilz/china-training-compute.git
   dbaf051..28f7c44  main -> main
pushed update
wrote /home/ubuntu/projects/china-training-compute/docs/data.json: 109 models (58 from Epoch, 51 from team research), 28 orgs, 23 with ECI
[main cff62ff] Update China compute data (2026-07-10)
 1 file changed, 1 insertion(+), 1 deletion(-)
To https://github.com/KonstantinPilz/china-training-compute.git
   edbce3d..cff62ff  main -> main
pushed update
wrote /home/ubuntu/projects/china-training-compute/docs/data.json: 109 models (58 from Epoch, 51 from team research), 28 orgs, 23 with ECI
[main e2f9389] Update China compute data (2026-07-11)
 1 file changed, 1 insertion(+), 1 deletion(-)
To https://github.com/KonstantinPilz/china-training-compute.git
   4f0bcab..e2f9389  main -> main
pushed update
wrote /home/ubuntu/projects/china-training-compute/docs/data.json: 109 models (58 from Epoch, 51 from team research), 28 orgs, 23 with ECI
[main f2adb9c] Update China compute data (2026-07-12)
 1 file changed, 1 insertion(+), 1 deletion(-)
To https://github.com/KonstantinPilz/china-training-compute.git
   1c4c176..f2adb9c  main -> main
pushed update
wrote /home/ubuntu/projects/china-training-compute/docs/data.json: 109 models (58 from Epoch, 51 from team research), 28 orgs, 23 with ECI
[main 0128577] Update China compute data (2026-07-13)
 1 file changed, 1 insertion(+), 1 deletion(-)
To https://github.com/KonstantinPilz/china-training-compute.git
   1bd5606..0128577  main -> main
pushed update
wrote /home/ubuntu/projects/china-training-compute/docs/data.json: 109 models (58 from Epoch, 51 from team research), 28 orgs, 23 with ECI
[main 3b2fde9] Update China compute data (2026-07-14)
 1 file changed, 1 insertion(+), 1 deletion(-)
To https://github.com/KonstantinPilz/china-training-compute.git
   e68e031..3b2fde9  main -> main
pushed update
wrote /home/ubuntu/projects/china-training-compute/docs/data.json: 109 models (58 from Epoch, 51 from team research), 28 orgs, 23 with ECI
[main 098dc74] Update China compute data (2026-07-15)
 1 file changed, 1 insertion(+), 1 deletion(-)
To https://github.com/KonstantinPilz/china-training-compute.git
   9c5f6cb..098dc74  main -> main
pushed update
wrote /home/ubuntu/projects/china-training-compute/docs/data.json: 109 models (58 from Epoch, 51 from team research), 28 orgs, 23 with ECI
[main e229cc8] Update China compute data (2026-07-16)
 1 file changed, 1 insertion(+), 1 deletion(-)
To https://github.com/KonstantinPilz/china-training-compute.git
   64014b4..e229cc8  main -> main
pushed update
wrote /home/ubuntu/projects/china-training-compute/docs/data.json: 109 models (58 from Epoch, 51 from team research), 28 orgs, 23 with ECI
[main 1f7f90f] Update China compute data (2026-07-17)
 1 file changed, 1 insertion(+), 1 deletion(-)
To https://github.com/KonstantinPilz/china-training-compute.git
   58ec273..1f7f90f  main -> main
pushed update
wrote /home/ubuntu/projects/china-training-compute/docs/data.json: 109 models (58 from Epoch, 51 from team research), 28 orgs, 23 with ECI
[main b3eebc4] Update China compute data (2026-07-18)
 1 file changed, 1 insertion(+), 1 deletion(-)
To https://github.com/KonstantinPilz/china-training-compute.git
   fc88a20..b3eebc4  main -> main
pushed update
wrote /home/ubuntu/projects/china-training-compute/docs/data.json: 109 models (58 from Epoch, 51 from team research), 28 orgs, 23 with ECI
[main eff9d08] Update China compute data (2026-07-19)
 2 files changed, 6 insertions(+), 1 deletion(-)
To https://github.com/KonstantinPilz/china-training-compute.git
   6143a30..eff9d08  main -> main
pushed update
wrote /home/ubuntu/projects/china-training-compute/docs/data.json: 109 models (58 from Epoch, 51 from team research), 28 orgs, 23 with ECI
[main ff6d000] Update China compute data (2026-07-20)
 1 file changed, 1 insertion(+), 1 deletion(-)
To https://github.com/KonstantinPilz/china-training-compute.git
   1ee7e55..ff6d000  main -> main
pushed update
wrote /home/ubuntu/projects/china-training-compute/docs/data.json: 109 models (58 from Epoch, 51 from team research), 28 orgs, 22 with ECI
[main 9a0199a] Update China compute data (2026-07-21)
 1 file changed, 1 insertion(+), 1 deletion(-)
To https://github.com/KonstantinPilz/china-training-compute.git
   45832c0..9a0199a  main -> main
pushed update
wrote /home/ubuntu/projects/china-training-compute/docs/data.json: 109 models (58 from Epoch, 51 from team research), 28 orgs, 22 with ECI
[main 078cb83] Update China compute data (2026-07-22)
 2 files changed, 9 insertions(+), 8 deletions(-)
To https://github.com/KonstantinPilz/china-training-compute.git
   6e13b8f..078cb83  main -> main
pushed update
wrote /home/ubuntu/projects/china-training-compute/docs/data.json: 109 models (58 from Epoch, 51 from team research), 28 orgs, 22 with ECI
[main c76a0a2] Update China compute data (2026-07-23)
 2 files changed, 9 insertions(+), 2 deletions(-)
To https://github.com/KonstantinPilz/china-training-compute.git
   21e3ea5..c76a0a2  main -> main
pushed update
wrote /home/ubuntu/projects/china-training-compute/docs/data.json: 109 models (58 from Epoch, 51 from team research), 28 orgs, 22 with ECI
[main c3ca110] Update China compute data (2026-07-24)
 1 file changed, 1 insertion(+), 1 deletion(-)
To https://github.com/KonstantinPilz/china-training-compute.git
   8219906..c3ca110  main -> main
pushed update
wrote /home/ubuntu/projects/china-training-compute/docs/data.json: 109 models (58 from Epoch, 51 from team research), 28 orgs, 22 with ECI
[main 3b46ca6] Update China compute data (2026-07-25)
 2 files changed, 6 insertions(+), 1 deletion(-)
To https://github.com/KonstantinPilz/china-training-compute.git
   3fadc61..3b46ca6  main -> main
pushed update
wrote /home/ubuntu/projects/china-training-compute/docs/data.json: 109 models (58 from Epoch, 51 from team research), 28 orgs, 22 with ECI
[main 3d686f7] Update China compute data (2026-07-26)
 1 file changed, 1 insertion(+), 1 deletion(-)
To https://github.com/KonstantinPilz/china-training-compute.git
   a1c0ec0..3d686f7  main -> main
pushed update
wrote /home/ubuntu/projects/china-training-compute/docs/data.json: 109 models (58 from Epoch, 51 from team research), 28 orgs, 22 with ECI
[main 41c83f6] Update China compute data (2026-07-27)
 1 file changed, 1 insertion(+), 1 deletion(-)
To https://github.com/KonstantinPilz/china-training-compute.git
   f75aa4a..41c83f6  main -> main
pushed update
wrote /home/ubuntu/projects/china-training-compute/docs/data.json: 110 models (59 from Epoch, 51 from team research), 28 orgs, 23 with ECI
[main 71763e5] Update China compute data (2026-07-28)
 2 files changed, 6 insertions(+), 1 deletion(-)
To https://github.com/KonstantinPilz/china-training-compute.git
   47ac622..71763e5  main -> main
pushed update
wrote /home/ubuntu/projects/china-training-compute/docs/data.json: 110 models (59 from Epoch notable, 0 from Epoch large-scale, 51 from team research), 28 orgs, 23 with ECI
[main 4feb383] Update China compute data (2026-07-29)
 2 files changed, 37 insertions(+), 37 deletions(-)
To https://github.com/KonstantinPilz/china-training-compute.git
   badbc4e..4feb383  main -> main
pushed update
wrote /home/ubuntu/projects/china-training-compute/docs/data.json: 115 models (59 from Epoch notable, 0 from Epoch large-scale, 56 from team research), 29 orgs, 23 with ECI
[main 47e07f9] Update China compute data (2026-07-30)
 2 files changed, 81 insertions(+), 35 deletions(-)
To https://github.com/KonstantinPilz/china-training-compute.git
   56a4f7a..47e07f9  main -> main
pushed update
wrote /home/ubuntu/projects/china-training-compute/docs/data.json: 115 models (59 from Epoch notable, 0 from Epoch large-scale, 56 from team research), 29 orgs, 23 with ECI
[main 3360491] Update China compute data (2026-07-31)
 3 files changed, 6 insertions(+), 4 deletions(-)
To https://github.com/KonstantinPilz/china-training-compute.git
   b6415a1..3360491  main -> main
pushed update
wrote /home/ubuntu/projects/china-training-compute/docs/data.json: 115 models (59 from Epoch notable, 0 from Epoch large-scale, 56 from team research), 29 orgs, 23 with ECI
[main 57b6622] Update China compute data (2026-08-01)
 4 files changed, 503 insertions(+), 512 deletions(-)
To https://github.com/KonstantinPilz/china-training-compute.git
   aac0474..57b6622  main -> main
pushed update
wrote /home/ubuntu/projects/china-training-compute/docs/data.json: 115 models (59 from Epoch notable, 0 from Epoch large-scale, 56 from team research), 29 orgs, 23 with ECI
[main d950765] Update China compute data (2026-08-02)
 2 files changed, 7 insertions(+), 7 deletions(-)
To https://github.com/KonstantinPilz/china-training-compute.git
   43b4f30..d950765  main -> main
pushed update
wrote /home/ubuntu/projects/china-training-compute/docs/data.json: 115 models (59 from Epoch notable, 0 from Epoch large-scale, 56 from team research), 29 orgs, 23 with ECI
[main f73a92d] Update China compute data (2026-08-03)
 2 files changed, 3 insertions(+), 2 deletions(-)
To https://github.com/KonstantinPilz/china-training-compute.git
   b06b7c5..f73a92d  main -> main
pushed update
wrote /home/ubuntu/projects/china-training-compute/docs/data.json: 115 models (59 from Epoch notable, 0 from Epoch large-scale, 56 from team research), 29 orgs, 23 with ECI
[main 8ba95d4] Update China compute data (2026-08-04)
 3 files changed, 508 insertions(+), 492 deletions(-)
To https://github.com/KonstantinPilz/china-training-compute.git
   873a90c..8ba95d4  main -> main
pushed update
wrote /home/ubuntu/projects/china-training-compute/docs/data.json: 116 models (60 from Epoch notable, 0 from Epoch large-scale, 56 from team research), 29 orgs, 23 with ECI
[main ba0aa81] Update China compute data (2026-08-05)
 4 files changed, 63 insertions(+), 67 deletions(-)
To https://github.com/KonstantinPilz/china-training-compute.git
   f470ada..ba0aa81  main -> main
pushed update
wrote /home/ubuntu/projects/china-training-compute/docs/data.json: 116 models (60 from Epoch notable, 0 from Epoch large-scale, 56 from team research), 29 orgs, 23 with ECI
[main a18cb77] Update China compute data (2026-08-06)
 2 files changed, 499 insertions(+), 498 deletions(-)
To https://github.com/KonstantinPilz/china-training-compute.git
   56e08cf..a18cb77  main -> main
pushed update
wrote /home/ubuntu/projects/china-training-compute/docs/data.json: 116 models (60 from Epoch notable, 0 from Epoch large-scale, 56 from team research), 29 orgs, 23 with ECI
[main 44d6c9f] Update China compute data (2026-08-07)
 2 files changed, 496 insertions(+), 475 deletions(-)
To https://github.com/KonstantinPilz/china-training-compute.git
   4d70f9f..44d6c9f  main -> main
pushed update
wrote /home/ubuntu/projects/china-training-compute/docs/data.json: 116 models (60 from Epoch notable, 0 from Epoch large-scale, 56 from team research), 29 orgs, 23 with ECI
[main a102d18] Update China compute data (2026-08-08)
 2 files changed, 415 insertions(+), 406 deletions(-)
To https://github.com/KonstantinPilz/china-training-compute.git
   0714b7d..a102d18  main -> main
pushed update
wrote /home/ubuntu/projects/china-training-compute/docs/data.json: 116 models (60 from Epoch notable, 0 from Epoch large-scale, 56 from team research), 29 orgs, 23 with ECI
[main 939dc8f] Update China compute data (2026-08-09)
 2 files changed, 3 insertions(+), 3 deletions(-)
To https://github.com/KonstantinPilz/china-training-compute.git
   155aec5..939dc8f  main -> main
pushed update
wrote /home/ubuntu/projects/china-training-compute/docs/data.json: 116 models (60 from Epoch notable, 0 from Epoch large-scale, 56 from team research), 29 orgs, 23 with ECI
[main c450912] Update China compute data (2026-08-10)
 2 files changed, 4 insertions(+), 4 deletions(-)
To https://github.com/KonstantinPilz/china-training-compute.git
   c2eda6b..c450912  main -> main
pushed update
wrote /home/ubuntu/projects/china-training-compute/docs/data.json: 116 models (60 from Epoch notable, 0 from Epoch large-scale, 56 from team research), 29 orgs, 23 with ECI
[main 935d84b] Update China compute data (2026-08-11)
 4 files changed, 24 insertions(+), 13 deletions(-)
To https://github.com/KonstantinPilz/china-training-compute.git
   168a598..935d84b  main -> main
pushed update
wrote /home/ubuntu/projects/china-training-compute/docs/data.json: 116 models (60 from Epoch notable, 0 from Epoch large-scale, 56 from team research), 29 orgs, 23 with ECI
[main a57859a] Update China compute data (2026-08-12)
 4 files changed, 392 insertions(+), 389 deletions(-)
To https://github.com/KonstantinPilz/china-training-compute.git
   dcbe048..a57859a  main -> main
pushed update
wrote /home/ubuntu/projects/china-training-compute/docs/data.json: 116 models (60 from Epoch notable, 0 from Epoch large-scale, 56 from team research), 29 orgs, 23 with ECI
[main 399e2ee] Update China compute data (2026-08-13)
 4 files changed, 406 insertions(+), 409 deletions(-)
To https://github.com/KonstantinPilz/china-training-compute.git
   bacbbef..399e2ee  main -> main
pushed update
wrote /home/ubuntu/projects/china-training-compute/docs/data.json: 116 models (60 from Epoch notable, 0 from Epoch large-scale, 56 from team research), 29 orgs, 23 with ECI
[main 498e385] Update China compute data (2026-08-14)
 3 files changed, 388 insertions(+), 402 deletions(-)
To https://github.com/KonstantinPilz/china-training-compute.git
   568a291..498e385  main -> main
pushed update
wrote /home/ubuntu/projects/china-training-compute/docs/data.json: 116 models (60 from Epoch notable, 0 from Epoch large-scale, 56 from team research), 29 orgs, 23 with ECI
[main 49bb316] Update China compute data (2026-08-15)
 1 file changed, 1 insertion(+), 1 deletion(-)
To https://github.com/KonstantinPilz/china-training-compute.git
   75ee69a..49bb316  main -> main
pushed update
wrote /home/ubuntu/projects/china-training-compute/docs/data.json: 116 models (60 from Epoch notable, 0 from Epoch large-scale, 56 from team research), 29 orgs, 23 with ECI
[main ef85c52] Update China compute data (2026-08-16)
 2 files changed, 4 insertions(+), 1 deletion(-)
To https://github.com/KonstantinPilz/china-training-compute.git
   e11f355..ef85c52  main -> main
pushed update
wrote /home/ubuntu/projects/china-training-compute/docs/data.json: 116 models (60 from Epoch notable, 0 from Epoch large-scale, 56 from team research), 29 orgs, 23 with ECI
[main 2b20710] Update China compute data (2026-08-17)
 2 files changed, 6 insertions(+), 6 deletions(-)
To https://github.com/KonstantinPilz/china-training-compute.git
   53b54a1..2b20710  main -> main
pushed update
wrote /home/ubuntu/projects/china-training-compute/docs/data.json: 116 models (60 from Epoch notable, 0 from Epoch large-scale, 56 from team research), 29 orgs, 23 with ECI
[main d553fb1] Update China compute data (2026-08-18)
 4 files changed, 545 insertions(+), 533 deletions(-)
To https://github.com/KonstantinPilz/china-training-compute.git
   eca4266..d553fb1  main -> main
pushed update
wrote /home/ubuntu/projects/china-training-compute/docs/data.json: 116 models (60 from Epoch notable, 0 from Epoch large-scale, 56 from team research), 29 orgs, 23 with ECI
[main e81dd6e] Update China compute data (2026-08-19)
 4 files changed, 54 insertions(+), 28 deletions(-)
To https://github.com/KonstantinPilz/china-training-compute.git
   3eae6a8..e81dd6e  main -> main
pushed update
wrote /home/ubuntu/projects/china-training-compute/docs/data.json: 116 models (60 from Epoch notable, 0 from Epoch large-scale, 56 from team research), 29 orgs, 23 with ECI
[main bb1d38f] Update China compute data (2026-08-20)
 2 files changed, 549 insertions(+), 549 deletions(-)
To https://github.com/KonstantinPilz/china-training-compute.git
   613d434..bb1d38f  main -> main
pushed update
wrote /home/ubuntu/projects/china-training-compute/docs/data.json: 116 models (60 from Epoch notable, 0 from Epoch large-scale, 56 from team research), 29 orgs, 23 with ECI
[main 2b2a225] Update China compute data (2026-08-21)
 2 files changed, 4 insertions(+), 4 deletions(-)
To https://github.com/KonstantinPilz/china-training-compute.git
   83c24bf..2b2a225  main -> main
pushed update
wrote /home/ubuntu/projects/china-training-compute/docs/data.json: 116 models (60 from Epoch notable, 0 from Epoch large-scale, 56 from team research), 29 orgs, 23 with ECI
[main 9df5f4d] Update China compute data (2026-08-22)
 2 files changed, 5 insertions(+), 5 deletions(-)
To https://github.com/KonstantinPilz/china-training-compute.git
   0b859c2..9df5f4d  main -> main
pushed update
wrote /home/ubuntu/projects/china-training-compute/docs/data.json: 116 models (60 from Epoch notable, 0 from Epoch large-scale, 56 from team research), 29 orgs, 23 with ECI
[main ba866a9] Update China compute data (2026-08-23)
 2 files changed, 5 insertions(+), 5 deletions(-)
To https://github.com/KonstantinPilz/china-training-compute.git
   b551d95..ba866a9  main -> main
pushed update
wrote /home/ubuntu/projects/china-training-compute/docs/data.json: 116 models (60 from Epoch notable, 0 from Epoch large-scale, 56 from team research), 29 orgs, 23 with ECI
[main 280d650] Update China compute data (2026-08-24)
 1 file changed, 1 insertion(+), 1 deletion(-)
To https://github.com/KonstantinPilz/china-training-compute.git
   03d7353..280d650  main -> main
pushed update
